
sharif.k.zadran@DESKTOP-PU1MKSB MINGW64 ~
$ cd Documents

sharif.k.zadran@DESKTOP-PU1MKSB MINGW64 ~/Documents
$ ls -a
 ./    CapStone_Project/  'My Pictures'@   capStoneProject/   javaFundamentals/
 ../  'My Music'@         'My Videos'@     desktop.ini

sharif.k.zadran@DESKTOP-PU1MKSB MINGW64 ~/Documents
$ cd capStone_Project

sharif.k.zadran@DESKTOP-PU1MKSB MINGW64 ~/Documents/capStone_Project (main)
$ ls -a
./  ../  .git/  README.md

sharif.k.zadran@DESKTOP-PU1MKSB MINGW64 ~/Documents/capStone_Project (main)
$ git status
On branch main
Your branch is ahead of 'origin/main' by 1 commit.
  (use "git push" to publish your local commits)

Changes not staged for commit:
  (use "git add <file>..." to update what will be committed)
  (use "git restore <file>..." to discard changes in working directory)
        modified:   README.md

no changes added to commit (use "git add" and/or "git commit -a")

sharif.k.zadran@DESKTOP-PU1MKSB MINGW64 ~/Documents/capStone_Project (main)
$ git commit -a -m "Adding values"
[main cc4030b] Adding values
 1 file changed, 2 insertions(+)

sharif.k.zadran@DESKTOP-PU1MKSB MINGW64 ~/Documents/capStone_Project (main)
$ git log -2
commit cc4030b514606b2c967c8c34046cc18ad42620e9 (HEAD -> main)
Author: SHARIFZADRAN <sharif.z.zadran@gmail.com>
Date:   Wed Oct 19 14:18:59 2022 -0700

    Adding values

commit 0f9c0e8c521ce1666dee7885e7501229f808a275
Author: SHARIFZADRAN <sharif.z.zadran@gmail.com>
Date:   Wed Oct 19 14:08:53 2022 -0700

    Adding the key Words

sharif.k.zadran@DESKTOP-PU1MKSB MINGW64 ~/Documents/capStone_Project (main)
$ git status
On branch main
Your branch is ahead of 'origin/main' by 2 commits.
  (use "git push" to publish your local commits)

nothing to commit, working tree clean

sharif.k.zadran@DESKTOP-PU1MKSB MINGW64 ~/Documents/capStone_Project (main)
$ git push
info: please complete authentication in your browser...
Enumerating objects: 8, done.
Counting objects: 100% (8/8), done.
Delta compression using up to 4 threads
Compressing objects: 100% (4/4), done.
Writing objects: 100% (6/6), 736 bytes | 736.00 KiB/s, done.
Total 6 (delta 1), reused 0 (delta 0), pack-reused 0
remote: Resolving deltas: 100% (1/1), done.
To https://github.com/SHARIFZADRAN/CapStone_Project.git
   0133692..cc4030b  main -> main

sharif.k.zadran@DESKTOP-PU1MKSB MINGW64 ~/Documents/capStone_Project (main)
$ git commit -a -m "QC Text draft"
[main 1e21937] QC Text draft
 1 file changed, 1 insertion(+), 1 deletion(-)

sharif.k.zadran@DESKTOP-PU1MKSB MINGW64 ~/Documents/capStone_Project (main)
$ git log -2
commit 1e219379e634223ee352768047bc25e3adb95791 (HEAD -> main)
Author: SHARIFZADRAN <sharif.z.zadran@gmail.com>
Date:   Wed Oct 19 14:36:06 2022 -0700

    QC Text draft

commit cc4030b514606b2c967c8c34046cc18ad42620e9 (origin/main, origin/HEAD)
Author: SHARIFZADRAN <sharif.z.zadran@gmail.com>
Date:   Wed Oct 19 14:18:59 2022 -0700

    Adding values

sharif.k.zadran@DESKTOP-PU1MKSB MINGW64 ~/Documents/capStone_Project (main)
$ history
    1  git
    2  clear
    3  ls -a
    4  cd ..
    5  ls -a
    6  cd sharif
    7  ls -a
    8  madir capStone_Project
    9  mkdir capStoneProject
   10  mkdir javaFundamentals
   11  cd .
   12  cd.
   13  cd .
   14  cd .
   15  cd ..
   16  cd ..
   17  cd Desktop
   18  cd Documents
   19  ls -a
   20  cd Users
   21  ls -a
   22  cd Default User
   25  clear
   26  cd ..
   27  cd ~
   28  ls -a
   29  cd Documents
   30  mkdir javaFundamentals
   31  mkdir capStoneProject
   32  git clone https://github.com/SHARIFZADRAN/CapStone_Project.git~
   33  git clone https://github.com/SHARIFZADRAN/CapStone_Project.git
   34  cd capStoneProject
   35  git status
   36  cd capStoneProject
   37  ls -a
   38  git status
   39  cd .
   40  cd ..
   41  git status
   42  cd capStoneProject
   43  ls -a
   44  touch capStoneProjectDraft "Initialing First Draft"
   45  ls -a
   46  cd capStoneProjectDraft
   47  ls -a
   48  git status
   49  ls -a
   50  git status
   51  cd ~
   52  git status
   53  pwd
   54  cd Documents
   55  ls -a
   56  cd javaFundamentals
   57  ls -a
   58  git status
   59  cd CapStone_Project
   60  cd ..
   61  cd  CapStone_Project
   62  ls -a
   63  git status
   64  git status
   65   git commit -a -m "Adding key Notes"
   66  git config --global user.email "sharif.z.zadran@gmail.com"
   67  git config --global user.name "SHARIFZADRAN"
   68  git status
   69  git commit -m
   70  ls -a
   71  git status
   72  git commit -m
   73  git add README
   74  ls -a
   75  git status
   76  git commit -a -m "Adding the key Words"
   77  git config --list
   78  cd Documents
   79  ls -a
   80  cd capStone_Project
   81  ls -a
   82  git status
   83  git commit -a -m "Adding values"
   84  git log -2
   85  git status
   86  git push
   87  git commit -a -m "QC Text draft"
   88  git log -2
   89  history
